{
  "result_type": "raw_ok",
  "result": "Init complete.\nT1 = 35\nT2 = 35\nExperiment complete.\n"
}
