{
  "result_type": "raw_ok",
  "result": "Init complete.\nRESULT: EQUAL\nT1 = 37\nT2 = 37\nExperiment complete.\n"
}
