{
  "result_type": "raw_ok",
  "result": "Init complete.\nRESULT: EQUAL\nT1 = 39\nT2 = 39\nExperiment complete.\n"
}
